// Jest Snapshot v1, https://goo.gl/fbAQLP

exports[`Card renders correctly 1`] = `
ShallowWrapper {
  "complexSelector": ComplexSelector {
    "buildPredicate": [Function],
    "childrenOfNode": [Function],
    "findWhereUnwrapped": [Function],
  },
  "length": 1,
  "node": <div
    className="bookly-card"
    onClick={[Function]}
>
    <p
        className="bookly-card-title"
    >
        Awesome Title
    </p>
    <p
        className="bookly-card-text"
    >
        this is the text
    </p>
</div>,
  "nodes": Array [
    <div
      className="bookly-card"
      onClick={[Function]}
>
      <p
            className="bookly-card-title"
      >
            Awesome Title
      </p>
      <p
            className="bookly-card-text"
      >
            this is the text
      </p>
</div>,
  ],
  "options": Object {},
  "renderer": ReactShallowRenderer {
    "_instance": ShallowComponentWrapper {
      "_calledComponentWillUnmount": false,
      "_compositeType": 2,
      "_context": Object {},
      "_currentElement": <Card
        classes={Array []}
        onClick={[Function]}
        text="this is the text"
        title="Awesome Title"
/>,
      "_debugID": 1,
      "_hostContainerInfo": null,
      "_hostParent": null,
      "_instance": StatelessComponent {
        "_reactInternalInstance": [Circular],
        "context": Object {},
        "props": Object {
          "classes": Array [],
          "onClick": [Function],
          "text": "this is the text",
          "title": "Awesome Title",
        },
        "refs": Object {},
        "state": null,
        "updater": Object {
          "enqueueCallback": [Function],
          "enqueueCallbackInternal": [Function],
          "enqueueElementInternal": [Function],
          "enqueueForceUpdate": [Function],
          "enqueueReplaceState": [Function],
          "enqueueSetState": [Function],
          "isMounted": [Function],
          "validateCallback": [Function],
        },
      },
      "_mountOrder": 1,
      "_pendingCallbacks": null,
      "_pendingElement": null,
      "_pendingForceUpdate": false,
      "_pendingReplaceState": false,
      "_pendingStateQueue": null,
      "_renderedComponent": NoopInternalComponent {
        "_currentElement": <div
          className="bookly-card"
          onClick={[Function]}
>
          <p
                    className="bookly-card-title"
          >
                    Awesome Title
          </p>
          <p
                    className="bookly-card-text"
          >
                    this is the text
          </p>
</div>,
        "_debugID": 2,
        "_renderedOutput": <div
          className="bookly-card"
          onClick={[Function]}
>
          <p
                    className="bookly-card-title"
          >
                    Awesome Title
          </p>
          <p
                    className="bookly-card-text"
          >
                    this is the text
          </p>
</div>,
      },
      "_renderedNodeType": 0,
      "_rootNodeID": 0,
      "_topLevelWrapper": null,
      "_updateBatchNumber": null,
      "_warnedAboutRefsInRender": false,
    },
    "getRenderOutput": [Function],
    "render": [Function],
  },
  "root": [Circular],
  "unrendered": <Card
    classes={Array []}
    onClick={[Function]}
    text="this is the text"
    title="Awesome Title"
/>,
}
`;
