// Jest Snapshot v1, https://goo.gl/fbAQLP

exports[`AuthorDetailView renders correctly 1`] = `
ShallowWrapper {
  "length": 1,
  Symbol(enzyme.__root__): [Circular],
  Symbol(enzyme.__unrendered__): <AuthorDetailView
    author={Object {}}
    onBackClick={[Function]}
    onEditClick={[Function]}
  />,
  Symbol(enzyme.__renderer__): Object {
    "batchedUpdates": [Function],
    "getNode": [Function],
    "render": [Function],
    "simulateEvent": [Function],
    "unmount": [Function],
  },
  Symbol(enzyme.__node__): Object {
    "instance": null,
    "key": undefined,
    "nodeType": "host",
    "props": Object {
      "children": Array [
        <h2>
          Author Detail
        </h2>,
        <p
          className="author-name"
        >
          <strong>
            Name:
          </strong>
           
          Aldous
           
          Huxley
        </p>,
        <p
          className="author-added-on"
        >
          <strong>
            Added on:
          </strong>
           
          2017-07-01T01:16:43.881Z
        </p>,
        <p
          className="author-updated-on"
        >
          <strong>
            Updated on:
          </strong>
           
          2017-07-01T01:16:43.881Z
        </p>,
        <Button
          onClick={[Function]}
          text="Edit"
          type="info"
        />,
        <Button
          onClick={[Function]}
          text="Back"
          type="light"
        />,
      ],
      "className": "author-detail-view",
    },
    "ref": null,
    "rendered": Array [
      Object {
        "instance": null,
        "key": undefined,
        "nodeType": "host",
        "props": Object {
          "children": "Author Detail",
        },
        "ref": null,
        "rendered": "Author Detail",
        "type": "h2",
      },
      Object {
        "instance": null,
        "key": undefined,
        "nodeType": "host",
        "props": Object {
          "children": Array [
            <strong>
              Name:
            </strong>,
            " ",
            "Aldous",
            " ",
            "Huxley",
          ],
          "className": "author-name",
        },
        "ref": null,
        "rendered": Array [
          Object {
            "instance": null,
            "key": undefined,
            "nodeType": "host",
            "props": Object {
              "children": "Name:",
            },
            "ref": null,
            "rendered": "Name:",
            "type": "strong",
          },
          " ",
          "Aldous",
          " ",
          "Huxley",
        ],
        "type": "p",
      },
      Object {
        "instance": null,
        "key": undefined,
        "nodeType": "host",
        "props": Object {
          "children": Array [
            <strong>
              Added on:
            </strong>,
            " ",
            "2017-07-01T01:16:43.881Z",
          ],
          "className": "author-added-on",
        },
        "ref": null,
        "rendered": Array [
          Object {
            "instance": null,
            "key": undefined,
            "nodeType": "host",
            "props": Object {
              "children": "Added on:",
            },
            "ref": null,
            "rendered": "Added on:",
            "type": "strong",
          },
          " ",
          "2017-07-01T01:16:43.881Z",
        ],
        "type": "p",
      },
      Object {
        "instance": null,
        "key": undefined,
        "nodeType": "host",
        "props": Object {
          "children": Array [
            <strong>
              Updated on:
            </strong>,
            " ",
            "2017-07-01T01:16:43.881Z",
          ],
          "className": "author-updated-on",
        },
        "ref": null,
        "rendered": Array [
          Object {
            "instance": null,
            "key": undefined,
            "nodeType": "host",
            "props": Object {
              "children": "Updated on:",
            },
            "ref": null,
            "rendered": "Updated on:",
            "type": "strong",
          },
          " ",
          "2017-07-01T01:16:43.881Z",
        ],
        "type": "p",
      },
      Object {
        "instance": null,
        "key": undefined,
        "nodeType": "function",
        "props": Object {
          "onClick": [Function],
          "text": "Edit",
          "type": "info",
        },
        "ref": null,
        "rendered": null,
        "type": [Function],
      },
      Object {
        "instance": null,
        "key": undefined,
        "nodeType": "function",
        "props": Object {
          "onClick": [Function],
          "text": "Back",
          "type": "light",
        },
        "ref": null,
        "rendered": null,
        "type": [Function],
      },
    ],
    "type": "div",
  },
  Symbol(enzyme.__nodes__): Array [
    Object {
      "instance": null,
      "key": undefined,
      "nodeType": "host",
      "props": Object {
        "children": Array [
          <h2>
            Author Detail
          </h2>,
          <p
            className="author-name"
          >
            <strong>
              Name:
            </strong>
             
            Aldous
             
            Huxley
          </p>,
          <p
            className="author-added-on"
          >
            <strong>
              Added on:
            </strong>
             
            2017-07-01T01:16:43.881Z
          </p>,
          <p
            className="author-updated-on"
          >
            <strong>
              Updated on:
            </strong>
             
            2017-07-01T01:16:43.881Z
          </p>,
          <Button
            onClick={[Function]}
            text="Edit"
            type="info"
          />,
          <Button
            onClick={[Function]}
            text="Back"
            type="light"
          />,
        ],
        "className": "author-detail-view",
      },
      "ref": null,
      "rendered": Array [
        Object {
          "instance": null,
          "key": undefined,
          "nodeType": "host",
          "props": Object {
            "children": "Author Detail",
          },
          "ref": null,
          "rendered": "Author Detail",
          "type": "h2",
        },
        Object {
          "instance": null,
          "key": undefined,
          "nodeType": "host",
          "props": Object {
            "children": Array [
              <strong>
                Name:
              </strong>,
              " ",
              "Aldous",
              " ",
              "Huxley",
            ],
            "className": "author-name",
          },
          "ref": null,
          "rendered": Array [
            Object {
              "instance": null,
              "key": undefined,
              "nodeType": "host",
              "props": Object {
                "children": "Name:",
              },
              "ref": null,
              "rendered": "Name:",
              "type": "strong",
            },
            " ",
            "Aldous",
            " ",
            "Huxley",
          ],
          "type": "p",
        },
        Object {
          "instance": null,
          "key": undefined,
          "nodeType": "host",
          "props": Object {
            "children": Array [
              <strong>
                Added on:
              </strong>,
              " ",
              "2017-07-01T01:16:43.881Z",
            ],
            "className": "author-added-on",
          },
          "ref": null,
          "rendered": Array [
            Object {
              "instance": null,
              "key": undefined,
              "nodeType": "host",
              "props": Object {
                "children": "Added on:",
              },
              "ref": null,
              "rendered": "Added on:",
              "type": "strong",
            },
            " ",
            "2017-07-01T01:16:43.881Z",
          ],
          "type": "p",
        },
        Object {
          "instance": null,
          "key": undefined,
          "nodeType": "host",
          "props": Object {
            "children": Array [
              <strong>
                Updated on:
              </strong>,
              " ",
              "2017-07-01T01:16:43.881Z",
            ],
            "className": "author-updated-on",
          },
          "ref": null,
          "rendered": Array [
            Object {
              "instance": null,
              "key": undefined,
              "nodeType": "host",
              "props": Object {
                "children": "Updated on:",
              },
              "ref": null,
              "rendered": "Updated on:",
              "type": "strong",
            },
            " ",
            "2017-07-01T01:16:43.881Z",
          ],
          "type": "p",
        },
        Object {
          "instance": null,
          "key": undefined,
          "nodeType": "function",
          "props": Object {
            "onClick": [Function],
            "text": "Edit",
            "type": "info",
          },
          "ref": null,
          "rendered": null,
          "type": [Function],
        },
        Object {
          "instance": null,
          "key": undefined,
          "nodeType": "function",
          "props": Object {
            "onClick": [Function],
            "text": "Back",
            "type": "light",
          },
          "ref": null,
          "rendered": null,
          "type": [Function],
        },
      ],
      "type": "div",
    },
  ],
  Symbol(enzyme.__options__): Object {
    "adapter": ReactSixteenAdapter {
      "options": Object {
        "enableComponentDidUpdateOnSetState": true,
      },
    },
  },
}
`;
