// Jest Snapshot v1, https://goo.gl/fbAQLP

exports[`AuthorDetailView renders correctly 1`] = `
ShallowWrapper {
  "complexSelector": ComplexSelector {
    "buildPredicate": [Function],
    "childrenOfNode": [Function],
    "findWhereUnwrapped": [Function],
  },
  "length": 1,
  "node": <div
    className="author-detail-view"
>
    <h2>
        Author Detail
    </h2>
    <p
        className="author-name"
    >
        <strong>
            Name:
        </strong>
         
        Aldous
         
        Huxley
    </p>
    <p
        className="author-added-on"
    >
        <strong>
            Added on:
        </strong>
         
        2017-07-01T01:16:43.881Z
    </p>
    <p
        className="author-updated-on"
    >
        <strong>
            Updated on:
        </strong>
         
        2017-07-01T01:16:43.881Z
    </p>
    <button
        className="author-edit-button"
        onClick={[Function]}
        type="button"
    >
        Edit
    </button>
     
    <button
        className="button-info cancel-button"
        onClick={[Function]}
        type="button"
    >
        Back
    </button>
</div>,
  "nodes": Array [
    <div
      className="author-detail-view"
>
      <h2>
            Author Detail
      </h2>
      <p
            className="author-name"
      >
            <strong>
                  Name:
            </strong>
             
            Aldous
             
            Huxley
      </p>
      <p
            className="author-added-on"
      >
            <strong>
                  Added on:
            </strong>
             
            2017-07-01T01:16:43.881Z
      </p>
      <p
            className="author-updated-on"
      >
            <strong>
                  Updated on:
            </strong>
             
            2017-07-01T01:16:43.881Z
      </p>
      <button
            className="author-edit-button"
            onClick={[Function]}
            type="button"
      >
            Edit
      </button>
       
      <button
            className="button-info cancel-button"
            onClick={[Function]}
            type="button"
      >
            Back
      </button>
</div>,
  ],
  "options": Object {},
  "renderer": ReactShallowRenderer {
    "_instance": ShallowComponentWrapper {
      "_calledComponentWillUnmount": false,
      "_compositeType": 2,
      "_context": Object {},
      "_currentElement": <AuthorDetailView
        author={Object {}}
        onBackClick={[Function]}
        onEditClick={[Function]}
/>,
      "_debugID": 1,
      "_hostContainerInfo": null,
      "_hostParent": null,
      "_instance": StatelessComponent {
        "_reactInternalInstance": [Circular],
        "context": Object {},
        "props": Object {
          "author": Object {},
          "onBackClick": [Function],
          "onEditClick": [Function],
        },
        "refs": Object {},
        "state": null,
        "updater": Object {
          "enqueueCallback": [Function],
          "enqueueCallbackInternal": [Function],
          "enqueueElementInternal": [Function],
          "enqueueForceUpdate": [Function],
          "enqueueReplaceState": [Function],
          "enqueueSetState": [Function],
          "isMounted": [Function],
          "validateCallback": [Function],
        },
      },
      "_mountOrder": 1,
      "_pendingCallbacks": null,
      "_pendingElement": null,
      "_pendingForceUpdate": false,
      "_pendingReplaceState": false,
      "_pendingStateQueue": null,
      "_renderedComponent": NoopInternalComponent {
        "_currentElement": <div
          className="author-detail-view"
>
          <h2>
                    Author Detail
          </h2>
          <p
                    className="author-name"
          >
                    <strong>
                              Name:
                    </strong>
                     
                    Aldous
                     
                    Huxley
          </p>
          <p
                    className="author-added-on"
          >
                    <strong>
                              Added on:
                    </strong>
                     
                    2017-07-01T01:16:43.881Z
          </p>
          <p
                    className="author-updated-on"
          >
                    <strong>
                              Updated on:
                    </strong>
                     
                    2017-07-01T01:16:43.881Z
          </p>
          <button
                    className="author-edit-button"
                    onClick={[Function]}
                    type="button"
          >
                    Edit
          </button>
           
          <button
                    className="button-info cancel-button"
                    onClick={[Function]}
                    type="button"
          >
                    Back
          </button>
</div>,
        "_debugID": 2,
        "_renderedOutput": <div
          className="author-detail-view"
>
          <h2>
                    Author Detail
          </h2>
          <p
                    className="author-name"
          >
                    <strong>
                              Name:
                    </strong>
                     
                    Aldous
                     
                    Huxley
          </p>
          <p
                    className="author-added-on"
          >
                    <strong>
                              Added on:
                    </strong>
                     
                    2017-07-01T01:16:43.881Z
          </p>
          <p
                    className="author-updated-on"
          >
                    <strong>
                              Updated on:
                    </strong>
                     
                    2017-07-01T01:16:43.881Z
          </p>
          <button
                    className="author-edit-button"
                    onClick={[Function]}
                    type="button"
          >
                    Edit
          </button>
           
          <button
                    className="button-info cancel-button"
                    onClick={[Function]}
                    type="button"
          >
                    Back
          </button>
</div>,
      },
      "_renderedNodeType": 0,
      "_rootNodeID": 0,
      "_topLevelWrapper": null,
      "_updateBatchNumber": null,
      "_warnedAboutRefsInRender": false,
    },
    "getRenderOutput": [Function],
    "render": [Function],
  },
  "root": [Circular],
  "unrendered": <AuthorDetailView
    author={Object {}}
    onBackClick={[Function]}
    onEditClick={[Function]}
/>,
}
`;
