// Jest Snapshot v1, https://goo.gl/fbAQLP

exports[`AccountDetailView renders correctly 1`] = `
ShallowWrapper {
  "length": 1,
  Symbol(enzyme.__root__): [Circular],
  Symbol(enzyme.__unrendered__): <AccountDetailView
    user={Object {}}
  />,
  Symbol(enzyme.__renderer__): Object {
    "batchedUpdates": [Function],
    "getNode": [Function],
    "render": [Function],
    "simulateEvent": [Function],
    "unmount": [Function],
  },
  Symbol(enzyme.__node__): Object {
    "instance": null,
    "key": undefined,
    "nodeType": "host",
    "props": Object {
      "children": Array [
        <h2>
          My Account
        </h2>,
        <p
          className="email-display"
        >
          <strong>
            Email: 
          </strong>
          mockuser1@gmail.com
        </p>,
      ],
      "className": "account-detail-view",
    },
    "ref": null,
    "rendered": Array [
      Object {
        "instance": null,
        "key": undefined,
        "nodeType": "host",
        "props": Object {
          "children": "My Account",
        },
        "ref": null,
        "rendered": "My Account",
        "type": "h2",
      },
      Object {
        "instance": null,
        "key": undefined,
        "nodeType": "host",
        "props": Object {
          "children": Array [
            <strong>
              Email: 
            </strong>,
            "mockuser1@gmail.com",
          ],
          "className": "email-display",
        },
        "ref": null,
        "rendered": Array [
          Object {
            "instance": null,
            "key": undefined,
            "nodeType": "host",
            "props": Object {
              "children": "Email: ",
            },
            "ref": null,
            "rendered": "Email: ",
            "type": "strong",
          },
          "mockuser1@gmail.com",
        ],
        "type": "p",
      },
    ],
    "type": "div",
  },
  Symbol(enzyme.__nodes__): Array [
    Object {
      "instance": null,
      "key": undefined,
      "nodeType": "host",
      "props": Object {
        "children": Array [
          <h2>
            My Account
          </h2>,
          <p
            className="email-display"
          >
            <strong>
              Email: 
            </strong>
            mockuser1@gmail.com
          </p>,
        ],
        "className": "account-detail-view",
      },
      "ref": null,
      "rendered": Array [
        Object {
          "instance": null,
          "key": undefined,
          "nodeType": "host",
          "props": Object {
            "children": "My Account",
          },
          "ref": null,
          "rendered": "My Account",
          "type": "h2",
        },
        Object {
          "instance": null,
          "key": undefined,
          "nodeType": "host",
          "props": Object {
            "children": Array [
              <strong>
                Email: 
              </strong>,
              "mockuser1@gmail.com",
            ],
            "className": "email-display",
          },
          "ref": null,
          "rendered": Array [
            Object {
              "instance": null,
              "key": undefined,
              "nodeType": "host",
              "props": Object {
                "children": "Email: ",
              },
              "ref": null,
              "rendered": "Email: ",
              "type": "strong",
            },
            "mockuser1@gmail.com",
          ],
          "type": "p",
        },
      ],
      "type": "div",
    },
  ],
  Symbol(enzyme.__options__): Object {
    "adapter": ReactSixteenAdapter {
      "options": Object {
        "enableComponentDidUpdateOnSetState": true,
      },
    },
  },
}
`;
